....................
----------------------------------------------------------------------
Ran 20 tests in 4.321s

OK
